1. Image is uploading to IPFS but while clicking on submit event it shows this : error TypeError: Cannot read properties of undefined (reading 'length')
2. ERC1155 token ownership transfer to contract and to end Users
3. UI improvements